assertion_clock.base_rule1, failed
assertion_clock.base_rule1, failed
assertion_clock.base_rule1, failed
assertion_clock.base_rule1, passing
assertion_clock.base_rule1, passing
assertion_clock.base_rule1, passing
clk_low: sampled clk was 0 at 6 ticks and 1 at 0
gated: 4 of the 6 ticks had the gate high
gl: req sampled high at 3 ticks and low at 3
$finish at time 57
