deltahdl 0.1.0
SystemVerilog IEEE 1800-2023 simulator and synthesizer

Usage: deltahdl [options] <source-files...>

General:
  --top <module>       Top-level module
  --mintypmax <val>    min:typ:max member: min, typ or max
  --max-generate-iterations <n>
                       Loop generate iteration budget (default 262144)
  -f <file>            Read options from file
  -L <name>            Library search order (repeatable)
  <file>.map           Library map file, read before the sources (33.3.1);
                       lib.map in the working directory when none is named
  +define+<n>=<v>      Define macro
  +incdir+<path>       Include directory
  +<plusarg>           Plusarg for $test$plusargs and $value$plusargs (21.6)
  -Werror              Treat warnings as errors
  --version / --help   Info

Protected envelopes:
  --encrypt            Encrypt the `pragma protect envelopes and write the text
  --protect-key <key>  Key every region is encrypted under
  --protect-named-key <owner>:<name>=<key>
                       Key selecting the regions naming it (repeatable)

Simulation:
  --vcd <file>         Dump VCD waveforms
  --seed <n>           Random seed
  --vpi-compat-mode <mode>
                       Default VPI compatibility mode (36.12.2.2):
                       1364v1995, 1364v2001, 1364v2005, 1800v2005, 1800v2009
  --negative-timing-checks
                       Accept negative $setuphold/$recrem limits (31.9.4)
  --no-timing-checks   Turn every timing check off (31.9.4)
  -D <name>[=<value>]  Define preprocessor macro
  --compilation-unit-per-file
                       Make each source file a compilation unit (3.12.1)
  --lint-only          Parse and elaborate only
  --parse-only         Parse only
  --dump-ast           Print AST to stdout
  --dump-ir            Print RTLIR to stdout

Synthesis:
  --synth              Synthesis mode
  --config <name>      Configuration to bind (33.5.4)
  --load-lib <file>    Precompiled library to bind from
  --precompile-into <library>
                       Library to compile sources into
  --precompile-out <file>
                       File the precompiled cells go to
  --no-opt             Skip optimization passes
  --dump-aig           Print AIG to stdout
