$finish at time 40
[15] ERROR disable_iff_resolution.u1.a1 (line 31): Assertion failed.
[15] ERROR disable_iff_resolution.u1.a2 (line 32): Assertion failed.
[15] ERROR disable_iff_resolution.u1.a4 (line 34): Assertion failed.
[15] ERROR disable_iff_resolution.u2.a7 (line 53): Assertion failed.
[15] ERROR disable_iff_resolution.u1.m3.a_m3 (line 42): Assertion failed.
[25] ERROR disable_iff_resolution.u1.a1 (line 31): Assertion failed.
[25] ERROR disable_iff_resolution.u1.a2 (line 32): Assertion failed.
[25] ERROR disable_iff_resolution.u1.a4 (line 34): Assertion failed.
[25] ERROR disable_iff_resolution.u2.a7 (line 53): Assertion failed.
[25] ERROR disable_iff_resolution.u1.m3.a_m3 (line 42): Assertion failed.
[35] ERROR disable_iff_resolution.u1.a3 (line 33): Assertion failed.
[35] ERROR disable_iff_resolution.u1.a4 (line 34): Assertion failed.
[35] ERROR disable_iff_resolution.u2.a5 (line 51): Assertion failed.
[35] ERROR disable_iff_resolution.u2.a6 (line 52): Assertion failed.
[35] ERROR disable_iff_resolution.u2.a7 (line 53): Assertion failed.
[35] ERROR disable_iff_resolution.u1.m2.a_m2 (line 37): Assertion failed.
