$fell_gclk(sig) at 20
$rose_gclk(sig) at 60
$fell_gclk(sig) at 90
$future_gclk(sig) held at 3 ticks, $rising_gclk(sig) at 1, $falling_gclk(sig) at 2, $changing_gclk(sig) at 3, $steady_gclk(sig) at 7
$finish at time 115
cover property global_clocking_sampled_values (line 47): attempted 10, succeeded 3, succeeded vacuously 0
cover property global_clocking_sampled_values (line 48): attempted 10, succeeded 1, succeeded vacuously 0
cover property global_clocking_sampled_values (line 49): attempted 10, succeeded 2, succeeded vacuously 0
cover property global_clocking_sampled_values (line 50): attempted 10, succeeded 3, succeeded vacuously 0
cover property global_clocking_sampled_values (line 51): attempted 10, succeeded 7, succeeded vacuously 0
[90] ERROR global_clocking_sampled_values.a1 (line 45): sig is not stable
