a2 passed at 15
a2_explicit passed at 15
a1 passed at 20
a1_explicit passed at 20
a2 passed at 25
a2_explicit passed at 25
a1 failed at 30
a1_explicit failed at 30
a3 failed at 33
a3_explicit failed at 33
a2 failed at 35
a2_explicit failed at 35
a2 failed at 45
a2_explicit failed at 45
$finish at time 48
a2 passed at 48
a2_explicit passed at 48
a3 passed at 48
a3_explicit passed at 48
