r1_p3 passed at 15
r1_p2 passed at 20
r1_p3 failed at 35
r1_p3 failed at 55
r1_p2 failed at 60
r1_p2 failed at 60
r1_p3 passed at 75
r1_p3 passed at 95
r1_p2 passed at 100
r1_p2 passed at 100
r1_p3 passed at 115
r1_p1 passes 4 fails 2
loop_p passes 12 fails 6
r4_p passes 1 fails 0
c_p covered 4 times
$finish at time 120
cover property procedural_concurrent_assertions.c_p (line 74): attempted 6, succeeded 4, succeeded vacuously 0
[75] ERROR procedural_concurrent_assertions.r2_p (line 83): Assertion failed.
[75] ERROR procedural_concurrent_assertions.r2_p (line 83): Assertion failed.
[105] ERROR procedural_concurrent_assertions.r2_p (line 83): Assertion failed.
