trans ##1 start_trans ##1 s ##1 end_trans ends at ticks 6
reset ##1 inst ##1 e1.triggered ##1 branch_back ends at ticks 14
reset ##1 inst ##1 e1 ##1 branch_back ends at ticks 26
rule2 with e2(ready, proc1, proc2).triggered ends at ticks 14
rule2a with e2_instantiated.triggered ends at ticks 14
(req==1'b1)[*0:1] ends at ticks 31 32
$finish at time 350
