b after a with v = 1, w = 0
b after a with v = 0, w = 1
c ##[1:2] d ends at tick 22
c ##[1:2] d ends at tick 23
first at tick 31
second at tick 31
note at tick 31
k by value = 40, by reference = 41
$finish at time 450
cover sequence subroutine_on_match (line 69): attempted 45, matched 2
cover sequence subroutine_on_match (line 70): attempted 45, matched 2
cover sequence subroutine_on_match (line 71): attempted 45, matched 1
cover sequence subroutine_on_match (line 72): attempted 45, matched 1
