no two of three members over a three-value domain coincide: 64 of 64
the members beside excluded avoid its 5 and split 4 and 6: 64 of 64
a group of one member has no effect and no contradiction: 32 of 32
two real members never draw alike: 64 of 64
a group holding a randc refuses randomize(): 1
$finish at time 0
