always c fails at time 25 with the clock still ticking
nexttime a passes 2 fails 0 at ticks
s_nexttime a passes 2 fails 0 at ticks
always a passes 0 fails 0 at ticks
s_always [0:3] a passes 0 fails 0 at ticks
eventually [0:3] b passes 0 fails 0 at ticks
s_eventually b passes 0 fails 0 at ticks
a until b passes 0 fails 0 at ticks
a s_until b passes 0 fails 0 at ticks
weak(a ##1 a) passes 2 fails 0 at ticks
strong(a ##1 a) passes 2 fails 0 at ticks
always c passes 0 fails 3 at ticks
$finish at time 100
nexttime a passes at the end of the run
s_nexttime a fails at the end of the run
always a passes at the end of the run
always a passes at the end of the run
always a passes at the end of the run
s_always [0:3] a fails at the end of the run
s_always [0:3] a fails at the end of the run
s_always [0:3] a fails at the end of the run
eventually [0:3] b passes at the end of the run
eventually [0:3] b passes at the end of the run
eventually [0:3] b passes at the end of the run
s_eventually b fails at the end of the run
s_eventually b fails at the end of the run
s_eventually b fails at the end of the run
a until b passes at the end of the run
a until b passes at the end of the run
a until b passes at the end of the run
a s_until b fails at the end of the run
a s_until b fails at the end of the run
a s_until b fails at the end of the run
strong(a ##1 a) fails at the end of the run
